Analysis & Synthesis report for direct_pipeline
Wed Mar 25 18:43:55 2026
Quartus Prime Version 20.1.0 Build 711 06/05/2020 SJ Lite Edition


---------------------
; Table of Contents ;
---------------------
  1. Legal Notice
  2. Analysis & Synthesis Summary
  3. Analysis & Synthesis Settings
  4. Parallel Compilation
  5. Analysis & Synthesis Source Files Read
  6. Analysis & Synthesis Resource Usage Summary
  7. Analysis & Synthesis Resource Utilization by Entity
  8. Analysis & Synthesis DSP Block Usage Summary
  9. Registers Removed During Synthesis
 10. General Register Statistics
 11. Parameter Settings for User Entity Instance: Top-level Entity: |fir_direct_pipeline
 12. Post-Synthesis Netlist Statistics for Top Partition
 13. Elapsed Time Per Partition
 14. Analysis & Synthesis Messages
 15. Analysis & Synthesis Suppressed Messages



----------------
; Legal Notice ;
----------------
Copyright (C) 2020  Intel Corporation. All rights reserved.
Your use of Intel Corporation's design tools, logic functions 
and other software and tools, and any partner logic 
functions, and any output files from any of the foregoing 
(including device programming or simulation files), and any 
associated documentation or information are expressly subject 
to the terms and conditions of the Intel Program License 
Subscription Agreement, the Intel Quartus Prime License Agreement,
the Intel FPGA IP License Agreement, or other applicable license
agreement, including, without limitation, that your use is for
the sole purpose of programming logic devices manufactured by
Intel and sold by Intel or its authorized distributors.  Please
refer to the applicable agreement for further details, at
https://fpgasoftware.intel.com/eula.



+-------------------------------------------------------------------------------+
; Analysis & Synthesis Summary                                                  ;
+---------------------------------+---------------------------------------------+
; Analysis & Synthesis Status     ; Successful - Wed Mar 25 18:43:55 2026       ;
; Quartus Prime Version           ; 20.1.0 Build 711 06/05/2020 SJ Lite Edition ;
; Revision Name                   ; direct_pipeline                             ;
; Top-level Entity Name           ; fir_direct_pipeline                         ;
; Family                          ; Cyclone V                                   ;
; Logic utilization (in ALMs)     ; N/A                                         ;
; Total registers                 ; 4782                                        ;
; Total pins                      ; 50                                          ;
; Total virtual pins              ; 0                                           ;
; Total block memory bits         ; 0                                           ;
; Total DSP Blocks                ; 100                                         ;
; Total HSSI RX PCSs              ; 0                                           ;
; Total HSSI PMA RX Deserializers ; 0                                           ;
; Total HSSI TX PCSs              ; 0                                           ;
; Total HSSI PMA TX Serializers   ; 0                                           ;
; Total PLLs                      ; 0                                           ;
; Total DLLs                      ; 0                                           ;
+---------------------------------+---------------------------------------------+


+----------------------------------------------------------------------------------------------------------------------------+
; Analysis & Synthesis Settings                                                                                              ;
+---------------------------------------------------------------------------------+---------------------+--------------------+
; Option                                                                          ; Setting             ; Default Value      ;
+---------------------------------------------------------------------------------+---------------------+--------------------+
; Device                                                                          ; 5CGXFC7C7F23C8      ;                    ;
; Top-level entity name                                                           ; fir_direct_pipeline ; direct_pipeline    ;
; Family name                                                                     ; Cyclone V           ; Cyclone V          ;
; Use smart compilation                                                           ; Off                 ; Off                ;
; Enable parallel Assembler and Timing Analyzer during compilation                ; On                  ; On                 ;
; Enable compact report table                                                     ; Off                 ; Off                ;
; Restructure Multiplexers                                                        ; Auto                ; Auto               ;
; MLAB Add Timing Constraints For Mixed-Port Feed-Through Mode Setting Don't Care ; Off                 ; Off                ;
; Create Debugging Nodes for IP Cores                                             ; Off                 ; Off                ;
; Preserve fewer node names                                                       ; On                  ; On                 ;
; Intel FPGA IP Evaluation Mode                                                   ; Enable              ; Enable             ;
; Verilog Version                                                                 ; Verilog_2001        ; Verilog_2001       ;
; VHDL Version                                                                    ; VHDL_1993           ; VHDL_1993          ;
; State Machine Processing                                                        ; Auto                ; Auto               ;
; Safe State Machine                                                              ; Off                 ; Off                ;
; Extract Verilog State Machines                                                  ; On                  ; On                 ;
; Extract VHDL State Machines                                                     ; On                  ; On                 ;
; Ignore Verilog initial constructs                                               ; Off                 ; Off                ;
; Iteration limit for constant Verilog loops                                      ; 5000                ; 5000               ;
; Iteration limit for non-constant Verilog loops                                  ; 250                 ; 250                ;
; Add Pass-Through Logic to Inferred RAMs                                         ; On                  ; On                 ;
; Infer RAMs from Raw Logic                                                       ; On                  ; On                 ;
; Parallel Synthesis                                                              ; On                  ; On                 ;
; DSP Block Balancing                                                             ; Auto                ; Auto               ;
; NOT Gate Push-Back                                                              ; On                  ; On                 ;
; Power-Up Don't Care                                                             ; On                  ; On                 ;
; Remove Redundant Logic Cells                                                    ; Off                 ; Off                ;
; Remove Duplicate Registers                                                      ; On                  ; On                 ;
; Ignore CARRY Buffers                                                            ; Off                 ; Off                ;
; Ignore CASCADE Buffers                                                          ; Off                 ; Off                ;
; Ignore GLOBAL Buffers                                                           ; Off                 ; Off                ;
; Ignore ROW GLOBAL Buffers                                                       ; Off                 ; Off                ;
; Ignore LCELL Buffers                                                            ; Off                 ; Off                ;
; Ignore SOFT Buffers                                                             ; On                  ; On                 ;
; Limit AHDL Integers to 32 Bits                                                  ; Off                 ; Off                ;
; Optimization Technique                                                          ; Balanced            ; Balanced           ;
; Carry Chain Length                                                              ; 70                  ; 70                 ;
; Auto Carry Chains                                                               ; On                  ; On                 ;
; Auto Open-Drain Pins                                                            ; On                  ; On                 ;
; Perform WYSIWYG Primitive Resynthesis                                           ; Off                 ; Off                ;
; Auto ROM Replacement                                                            ; On                  ; On                 ;
; Auto RAM Replacement                                                            ; On                  ; On                 ;
; Auto DSP Block Replacement                                                      ; On                  ; On                 ;
; Auto Shift Register Replacement                                                 ; Auto                ; Auto               ;
; Allow Shift Register Merging across Hierarchies                                 ; Auto                ; Auto               ;
; Auto Clock Enable Replacement                                                   ; On                  ; On                 ;
; Strict RAM Replacement                                                          ; Off                 ; Off                ;
; Allow Synchronous Control Signals                                               ; On                  ; On                 ;
; Force Use of Synchronous Clear Signals                                          ; Off                 ; Off                ;
; Auto Resource Sharing                                                           ; Off                 ; Off                ;
; Allow Any RAM Size For Recognition                                              ; Off                 ; Off                ;
; Allow Any ROM Size For Recognition                                              ; Off                 ; Off                ;
; Allow Any Shift Register Size For Recognition                                   ; Off                 ; Off                ;
; Use LogicLock Constraints during Resource Balancing                             ; On                  ; On                 ;
; Ignore translate_off and synthesis_off directives                               ; Off                 ; Off                ;
; Timing-Driven Synthesis                                                         ; On                  ; On                 ;
; Report Parameter Settings                                                       ; On                  ; On                 ;
; Report Source Assignments                                                       ; On                  ; On                 ;
; Report Connectivity Checks                                                      ; On                  ; On                 ;
; Ignore Maximum Fan-Out Assignments                                              ; Off                 ; Off                ;
; Synchronization Register Chain Length                                           ; 3                   ; 3                  ;
; Power Optimization During Synthesis                                             ; Normal compilation  ; Normal compilation ;
; HDL message level                                                               ; Level2              ; Level2             ;
; Suppress Register Optimization Related Messages                                 ; Off                 ; Off                ;
; Number of Removed Registers Reported in Synthesis Report                        ; 5000                ; 5000               ;
; Number of Swept Nodes Reported in Synthesis Report                              ; 5000                ; 5000               ;
; Number of Inverted Registers Reported in Synthesis Report                       ; 100                 ; 100                ;
; Clock MUX Protection                                                            ; On                  ; On                 ;
; Auto Gated Clock Conversion                                                     ; Off                 ; Off                ;
; Block Design Naming                                                             ; Auto                ; Auto               ;
; SDC constraint protection                                                       ; Off                 ; Off                ;
; Synthesis Effort                                                                ; Auto                ; Auto               ;
; Shift Register Replacement - Allow Asynchronous Clear Signal                    ; On                  ; On                 ;
; Pre-Mapping Resynthesis Optimization                                            ; Off                 ; Off                ;
; Analysis & Synthesis Message Level                                              ; Medium              ; Medium             ;
; Disable Register Merging Across Hierarchies                                     ; Auto                ; Auto               ;
; Resource Aware Inference For Block RAM                                          ; On                  ; On                 ;
; Automatic Parallel Synthesis                                                    ; On                  ; On                 ;
; Partial Reconfiguration Bitstream ID                                            ; Off                 ; Off                ;
+---------------------------------------------------------------------------------+---------------------+--------------------+


+------------------------------------------+
; Parallel Compilation                     ;
+----------------------------+-------------+
; Processors                 ; Number      ;
+----------------------------+-------------+
; Number detected on machine ; 12          ;
; Maximum allowed            ; 6           ;
;                            ;             ;
; Average used               ; 1.00        ;
; Maximum used               ; 3           ;
;                            ;             ;
; Usage by Processor         ; % Time Used ;
;     Processor 1            ; 100.0%      ;
;     Processor 2            ;   0.0%      ;
;     Processor 3            ;   0.0%      ;
+----------------------------+-------------+


+---------------------------------------------------------------------------------------------------------------------------------------------------------+
; Analysis & Synthesis Source Files Read                                                                                                                  ;
+----------------------------------+-----------------+------------------------+-----------------------------------------------------------------+---------+
; File Name with User-Entered Path ; Used in Netlist ; File Type              ; File Name with Absolute Path                                    ; Library ;
+----------------------------------+-----------------+------------------------+-----------------------------------------------------------------+---------+
; fir_direct_pipeline.v            ; yes             ; User Verilog HDL File  ; C:/Users/kollu/dspquartus/direct_pipeline/fir_direct_pipeline.v ;         ;
+----------------------------------+-----------------+------------------------+-----------------------------------------------------------------+---------+


+---------------------------------------------------------+
; Analysis & Synthesis Resource Usage Summary             ;
+---------------------------------------------+-----------+
; Resource                                    ; Usage     ;
+---------------------------------------------+-----------+
; Estimate of Logic utilization (ALMs needed) ; 2653      ;
;                                             ;           ;
; Combinational ALUT usage for logic          ; 1600      ;
;     -- 7 input functions                    ; 0         ;
;     -- 6 input functions                    ; 0         ;
;     -- 5 input functions                    ; 0         ;
;     -- 4 input functions                    ; 0         ;
;     -- <=3 input functions                  ; 1600      ;
;                                             ;           ;
; Dedicated logic registers                   ; 4782      ;
;                                             ;           ;
; I/O pins                                    ; 50        ;
;                                             ;           ;
; Total DSP Blocks                            ; 100       ;
;                                             ;           ;
; Maximum fan-out node                        ; clk~input ;
; Maximum fan-out                             ; 4782      ;
; Total fan-out                               ; 22346     ;
; Average fan-out                             ; 3.40      ;
+---------------------------------------------+-----------+


+-------------------------------------------------------------------------------------------------------------------------------------------------------------------------------------------------+
; Analysis & Synthesis Resource Utilization by Entity                                                                                                                                             ;
+----------------------------+---------------------+---------------------------+-------------------+------------+------+--------------+----------------------+---------------------+--------------+
; Compilation Hierarchy Node ; Combinational ALUTs ; Dedicated Logic Registers ; Block Memory Bits ; DSP Blocks ; Pins ; Virtual Pins ; Full Hierarchy Name  ; Entity Name         ; Library Name ;
+----------------------------+---------------------+---------------------------+-------------------+------------+------+--------------+----------------------+---------------------+--------------+
; |fir_direct_pipeline       ; 1600 (1600)         ; 4782 (4782)               ; 0                 ; 100        ; 50   ; 0            ; |fir_direct_pipeline ; fir_direct_pipeline ; work         ;
+----------------------------+---------------------+---------------------------+-------------------+------------+------+--------------+----------------------+---------------------+--------------+
Note: For table entries with two numbers listed, the numbers in parentheses indicate the number of resources of the given type used by the specific entity alone. The numbers listed outside of parentheses indicate the total resources of the given type used by the specific entity and all of its sub-entities in the hierarchy.


+-------------------------------------------------+
; Analysis & Synthesis DSP Block Usage Summary    ;
+-----------------------------------+-------------+
; Statistic                         ; Number Used ;
+-----------------------------------+-------------+
; Two Independent 18x18             ; 100         ;
; Total number of DSP blocks        ; 100         ;
;                                   ;             ;
; Fixed Point Signed Multiplier     ; 50          ;
; Fixed Point Mixed Sign Multiplier ; 50          ;
+-----------------------------------+-------------+


+-----------------------------------------------------------------------+
; Registers Removed During Synthesis                                    ;
+----------------------------------------+------------------------------+
; Register name                          ; Reason for Removal           ;
+----------------------------------------+------------------------------+
; products[94][31]                       ; Merged with products[94][30] ;
; products[93][31]                       ; Merged with products[93][30] ;
; products[92][31]                       ; Merged with products[92][30] ;
; products[91][31]                       ; Merged with products[91][30] ;
; products[90][31]                       ; Merged with products[90][30] ;
; products[84][31]                       ; Merged with products[84][30] ;
; products[82][31]                       ; Merged with products[82][30] ;
; products[83][31]                       ; Merged with products[83][30] ;
; products[80][31]                       ; Merged with products[80][30] ;
; products[81][31]                       ; Merged with products[81][30] ;
; products[74][31]                       ; Merged with products[74][30] ;
; products[72][31]                       ; Merged with products[72][30] ;
; products[73][31]                       ; Merged with products[73][30] ;
; products[71][31]                       ; Merged with products[71][30] ;
; products[64][31]                       ; Merged with products[64][30] ;
; products[62][31]                       ; Merged with products[62][30] ;
; products[63][31]                       ; Merged with products[63][30] ;
; products[60][31]                       ; Merged with products[60][30] ;
; products[61][31]                       ; Merged with products[61][30] ;
; products[54][31]                       ; Merged with products[54][30] ;
; products[52][31]                       ; Merged with products[52][30] ;
; products[53][31]                       ; Merged with products[53][30] ;
; products[50][31]                       ; Merged with products[50][30] ;
; products[51][31]                       ; Merged with products[51][30] ;
; products[6][31]                        ; Merged with products[6][30]  ;
; products[7][31]                        ; Merged with products[7][30]  ;
; products[5][31]                        ; Merged with products[5][30]  ;
; products[70][31]                       ; Merged with products[70][30] ;
; products[48][31]                       ; Merged with products[48][30] ;
; products[49][31]                       ; Merged with products[49][30] ;
; products[46][31]                       ; Merged with products[46][30] ;
; products[47][31]                       ; Merged with products[47][30] ;
; products[45][31]                       ; Merged with products[45][30] ;
; products[38][31]                       ; Merged with products[38][30] ;
; products[39][31]                       ; Merged with products[39][30] ;
; products[36][31]                       ; Merged with products[36][30] ;
; products[37][31]                       ; Merged with products[37][30] ;
; products[35][31]                       ; Merged with products[35][30] ;
; products[28][31]                       ; Merged with products[28][30] ;
; products[29][31]                       ; Merged with products[29][30] ;
; products[26][31]                       ; Merged with products[26][30] ;
; products[27][31]                       ; Merged with products[27][30] ;
; products[25][31]                       ; Merged with products[25][30] ;
; products[18][31]                       ; Merged with products[18][30] ;
; products[19][31]                       ; Merged with products[19][30] ;
; products[16][31]                       ; Merged with products[16][30] ;
; products[17][31]                       ; Merged with products[17][30] ;
; products[15][31]                       ; Merged with products[15][30] ;
; products[8][31]                        ; Merged with products[8][30]  ;
; products[9][31]                        ; Merged with products[9][30]  ;
; Total Number of Removed Registers = 50 ;                              ;
+----------------------------------------+------------------------------+


+------------------------------------------------------+
; General Register Statistics                          ;
+----------------------------------------------+-------+
; Statistic                                    ; Value ;
+----------------------------------------------+-------+
; Total registers                              ; 4782  ;
; Number of registers using Synchronous Clear  ; 4782  ;
; Number of registers using Synchronous Load   ; 0     ;
; Number of registers using Asynchronous Clear ; 0     ;
; Number of registers using Asynchronous Load  ; 0     ;
; Number of registers using Clock Enable       ; 0     ;
; Number of registers using Preset             ; 0     ;
+----------------------------------------------+-------+


+-------------------------------------------------------------------------------------+
; Parameter Settings for User Entity Instance: Top-level Entity: |fir_direct_pipeline ;
+----------------+-------+------------------------------------------------------------+
; Parameter Name ; Value ; Type                                                       ;
+----------------+-------+------------------------------------------------------------+
; N              ; 100   ; Signed Integer                                             ;
+----------------+-------+------------------------------------------------------------+
Note: In order to hide this table in the UI and the text report file, please set the "Show Parameter Settings in Synthesis Report" option in "Analysis and Synthesis Settings -> More Settings" to "Off".


+-----------------------------------------------------+
; Post-Synthesis Netlist Statistics for Top Partition ;
+-----------------------+-----------------------------+
; Type                  ; Count                       ;
+-----------------------+-----------------------------+
; arriav_ff             ; 4782                        ;
;     SCLR              ; 4782                        ;
; arriav_lcell_comb     ; 1600                        ;
;     arith             ; 32                          ;
;         2 data inputs ; 32                          ;
;     shared            ; 1568                        ;
;         3 data inputs ; 1568                        ;
; arriav_mac            ; 100                         ;
; boundary_port         ; 50                          ;
;                       ;                             ;
; Max LUT depth         ; 8.10                        ;
; Average LUT depth     ; 4.33                        ;
+-----------------------+-----------------------------+


+-------------------------------+
; Elapsed Time Per Partition    ;
+----------------+--------------+
; Partition Name ; Elapsed Time ;
+----------------+--------------+
; Top            ; 00:00:01     ;
+----------------+--------------+


+-------------------------------+
; Analysis & Synthesis Messages ;
+-------------------------------+
Info: *******************************************************************
Info: Running Quartus Prime Analysis & Synthesis
    Info: Version 20.1.0 Build 711 06/05/2020 SJ Lite Edition
    Info: Processing started: Wed Mar 25 18:43:44 2026
Info: Command: quartus_map --read_settings_files=on --write_settings_files=off direct_pipeline -c direct_pipeline
Warning (18236): Number of processors has not been specified which may cause overloading on shared machines.  Set the global assignment NUM_PARALLEL_PROCESSORS in your QSF to an appropriate value for best performance.
Info (20030): Parallel compilation is enabled and will use 6 of the 6 processors detected
Info (12021): Found 1 design units, including 1 entities, in source file tb_fir_direct_pipeline.v
    Info (12023): Found entity 1: tb_fir_direct_pipeline File: C:/Users/kollu/dspquartus/direct_pipeline/tb_fir_direct_pipeline.v Line: 8
Info (12021): Found 1 design units, including 1 entities, in source file fir_direct_pipeline.v
    Info (12023): Found entity 1: fir_direct_pipeline File: C:/Users/kollu/dspquartus/direct_pipeline/fir_direct_pipeline.v Line: 11
Info (12127): Elaborating entity "fir_direct_pipeline" for the top level hierarchy
Info (16010): Generating hard_block partition "hard_block:auto_generated_inst"
    Info (16011): Adding 0 node(s), including 0 DDIO, 0 PLL, 0 transceiver and 0 LCELL
Info (21057): Implemented 6500 device resources after synthesis - the final resource count might be different
    Info (21058): Implemented 18 input pins
    Info (21059): Implemented 32 output pins
    Info (21061): Implemented 6350 logic cells
    Info (21062): Implemented 100 DSP elements
Info (144001): Generated suppressed messages file C:/Users/kollu/dspquartus/direct_pipeline/output_files/direct_pipeline.map.smsg
Info: Quartus Prime Analysis & Synthesis was successful. 0 errors, 1 warning
    Info: Peak virtual memory: 4875 megabytes
    Info: Processing ended: Wed Mar 25 18:43:55 2026
    Info: Elapsed time: 00:00:11
    Info: Total CPU time (on all processors): 00:00:21


+------------------------------------------+
; Analysis & Synthesis Suppressed Messages ;
+------------------------------------------+
The suppressed messages can be found in C:/Users/kollu/dspquartus/direct_pipeline/output_files/direct_pipeline.map.smsg.


